// Jest Snapshot v1, https://goo.gl/fbAQLP

exports[`matches snapshot 1`] = `
<div
  className="flex flex-col sm:w-full lg:w-5/6 mx-auto divide-y-2"
>
  <div
    className="flex flex-wrap w-full px-4 pb-5"
  >
    <div
      className="w-2/3 ml-auto mr-auto h-12"
    >
      <input
        className="appearance-none block w-full bg-gray-200 text-red-700 border border-gray-200 rounded py-3 px-4 my-3 leading-tight focus:outline-none focus:bg-white focus:border-gray-500 font-mono"
        onChange={[Function]}
        placeholder="SEARCH"
        value=""
      />
    </div>
  </div>
  <div
    className="flex sm:flex-col lg:flex-row w-full divide-x-2"
  >
    <div
      className="flex flex-col w-full sm:w-full lg:w-2/3 px-4"
    >
      <div
        className="w-full mt-2"
      >
        <div
          className="font-mono p-2 w-full"
        >
          Loading Video...
        </div>
      </div>
      <div
        className="flex flex-col"
      >
        <div
          className="divide-y-2"
        >
          <div>
            Â 
          </div>
          <div>
            <div
              className="w-full p-2"
            >
              <h3
                className="font-mono mt-3"
              >
                Loading Comments...
              </h3>
            </div>
          </div>
        </div>
      </div>
    </div>
    <div
      className="w-full sm:w-full lg:w-1/3 px-4"
    >
      <div
        className="py-4 mt-2"
      >
        <div
          className="font-mono"
        >
          Loading video list...
        </div>
      </div>
    </div>
  </div>
</div>
`;
